Reusing configuration cache.
> Task :backend:compileJava

BUILD SUCCESSFUL in 16s
1 actionable task: 1 executed
Configuration cache entry reused.
