Calculating task graph as no cached configuration is available for tasks: test --tests UsageLimitServiceTest
> Task :processResources UP-TO-DATE
> Task :processTestResources UP-TO-DATE
> Task :compileJava UP-TO-DATE
> Task :classes UP-TO-DATE
> Task :compileTestJava UP-TO-DATE
> Task :testClasses UP-TO-DATE
Java HotSpot(TM) 64-Bit Server VM warning: Sharing is only supported for boot loader classes because bootstrap classpath has been appended

> Task :test

UsageLimitServiceTest > checkAndIncrement_NewDay_ResetsCount() FAILED
    java.lang.IllegalStateException at UsageLimitServiceTest.java:112

4 tests completed, 1 failed

> Task :test FAILED

FAILURE: Build failed with an exception.

* What went wrong:
Execution failed for task ':test'.
> There were failing tests. See the report at: file:///C:/Users/sdok1/projects/cubrain/backend/build/reports/tests/test/index.html

* Try:
> Run with --scan to get full insights.

BUILD FAILED in 34s
5 actionable tasks: 1 executed, 4 up-to-date
Configuration cache entry stored.
